[app.lanchinhofelizoficial.site/index.html]
[backblue.gif]
[fade.gif]
[index.html]
[media.atomicatpages.net/u/8laVCwWi0DZ5gTheBCxkVoHXeed2/Pictures/clone/page5218/10f50620.png]
[connect.facebook.net/en_US/fbevents.js]
[media.atomicatpages.net/u/8laVCwWi0DZ5gTheBCxkVoHXeed2/Pictures/clone/page5218/31d9871eaa69.png]
[media.atomicatpages.net/u/8laVCwWi0DZ5gTheBCxkVoHXeed2/Pictures/clone/page5218/21d9871ebdd4.png]
[media.atomicatpages.net/u/8laVCwWi0DZ5gTheBCxkVoHXeed2/Pictures/clone/page5218/01d9871e0059.png]
[media.atomicatpages.net/u/8laVCwWi0DZ5gTheBCxkVoHXeed2/Pictures/clone/page5218/41d9871e4ef7.png]
[media.atomicatpages.net/u/8laVCwWi0DZ5gTheBCxkVoHXeed2/Pictures/clone/page5218/51d9871e4ef7.png]
[media.atomicatpages.net/u/8laVCwWi0DZ5gTheBCxkVoHXeed2/Pictures/clone/page5218/61d9871e4ef7.png]
[media.atomicatpages.net/u/8laVCwWi0DZ5gTheBCxkVoHXeed2/Pictures/clone/page5218/11d9871ee10e.png]
[media.atomicatpages.net/u/8laVCwWi0DZ5gTheBCxkVoHXeed2/Pictures/clone/page5218/10f506204b2d.png]
[media.atomicatpages.net/u/8laVCwWi0DZ5gTheBCxkVoHXeed2/Pictures/RPskzu2708931e280.png]
[media.atomicatpages.net/u/8laVCwWi0DZ5gTheBCxkVoHXeed2/Pictures/ginJdH2708931bdd4.png]
[media.atomicatpages.net/u/8laVCwWi0DZ5gTheBCxkVoHXeed2/Pictures/clone/page5218/10f506200059.png]
[media.atomicatpages.net/u/8laVCwWi0DZ5gTheBCxkVoHXeed2/Pictures/clone/page5218/6a10b0b0bbd5.png]
[media.atomicatpages.net/u/8laVCwWi0DZ5gTheBCxkVoHXeed2/Pictures/clone/page5218/d5f9c7aa763.png]
[media.atomicatpages.net/u/8laVCwWi0DZ5gTheBCxkVoHXeed2/Pictures/clone/page3451/6cc1d212940.png]
[media.atomicatpages.net/u/8laVCwWi0DZ5gTheBCxkVoHXeed2/Pictures/clone/page5218/046ac4907e10e.jpg]
[media.atomicatpages.net/u/8laVCwWi0DZ5gTheBCxkVoHXeed2/Pictures/clone/page5218/246ac4907e280.jpg]
[media.atomicatpages.net/u/8laVCwWi0DZ5gTheBCxkVoHXeed2/Pictures/clone/page5218/346ac4907bb1b.jpg]
[media.atomicatpages.net/u/8laVCwWi0DZ5gTheBCxkVoHXeed2/Pictures/clone/page5218/446ac49070059.jpg]
[media.atomicatpages.net/u/8laVCwWi0DZ5gTheBCxkVoHXeed2/Pictures/clone/page5218/546ac490785ed.jpg]
[media.atomicatpages.net/u/8laVCwWi0DZ5gTheBCxkVoHXeed2/Pictures/clone/page5218/646ac4907f77a.jpg]
[media.atomicatpages.net/u/8laVCwWi0DZ5gTheBCxkVoHXeed2/Pictures/clone/page5218/146ac49072940.jpg]
[media.atomicatpages.net/u/8laVCwWi0DZ5gTheBCxkVoHXeed2/Pictures/clone/page3451/27e551e0059.png]
[media.atomicatpages.net/u/8laVCwWi0DZ5gTheBCxkVoHXeed2/Pictures/clone/page6836/177fb74da395.png]
[media.atomicatpages.net/u/8laVCwWi0DZ5gTheBCxkVoHXeed2/Pictures/clone/page505259/204179bbe0f.jpg]
[media.atomicatpages.net/u/8laVCwWi0DZ5gTheBCxkVoHXeed2/Pictures/clone/page505259/4cf9bd6f239.jpg]
[media.atomicatpages.net/u/8laVCwWi0DZ5gTheBCxkVoHXeed2/Pictures/clone/page505259/385e95894b2d.jpg]
[media.atomicatpages.net/u/8laVCwWi0DZ5gTheBCxkVoHXeed2/Pictures/clone/page505259/50f6f8ed4ef7.jpg]
[media.atomicatpages.net/u/8laVCwWi0DZ5gTheBCxkVoHXeed2/Pictures/clone/page505259/bfa085ed.jpg]
[media.atomicatpages.net/u/8laVCwWi0DZ5gTheBCxkVoHXeed2/Pictures/clone/page505259/af60913ad54.png]
[media.atomicatpages.net/u/8laVCwWi0DZ5gTheBCxkVoHXeed2/Pictures/b9hkf/peLdxl0923415a763.png]
[app.lanchinhofelizoficial.site/index.html]
[app.lanchinhofelizoficial.site/js/mbQIat5531437.js]
[app.lanchinhofelizoficial.site/signals/config/index.html]
[app.lanchinhofelizoficial.site/t.21.delayed]
[app.lanchinhofelizoficial.site/e]
[app.lanchinhofelizoficial.site/signals/plugins/index.html]
[app.lanchinhofelizoficial.site/t.resolvedLink]
[app.lanchinhofelizoficial.site/schema.org/index.html]
[app.lanchinhofelizoficial.site/o]
[app.lanchinhofelizoficial.site/signals/iwl.js]
[app.lanchinhofelizoficial.site/signals/iwl0fc5.js]
[app.lanchinhofelizoficial.site/r.dl]
[app.lanchinhofelizoficial.site/r.rl]
[connect.facebook.net/en_US/fbevents.js]
[app.lanchinhofelizoficial.site/signals/config/index.html]
[app.lanchinhofelizoficial.site/t.html]
[app.lanchinhofelizoficial.site/e.html]
[app.lanchinhofelizoficial.site/signals/plugins/index.html]
[app.lanchinhofelizoficial.site/schema.org/index.html]
[app.lanchinhofelizoficial.site/t-2.html]
[app.lanchinhofelizoficial.site/o.html]
[app.lanchinhofelizoficial.site/signals/iwl.html]
[app.lanchinhofelizoficial.site/signals/iwl0fc5.html]
[app.lanchinhofelizoficial.site/r.html]
[app.lanchinhofelizoficial.site/r-2.html]
